// Jest Snapshot v1, https://goo.gl/fbAQLP

exports[`matches button snapshot 1`] = `
<button
  className="btn btn__default"
  data-testid="button"
  onClick={[Function]}
  type="submit"
>
   
  Log in
</button>
`;

exports[`matches snapshot 1`] = `
<button
  className="btn btn__default"
  data-testid="button"
  onClick={[Function]}
  type="submit"
>
   
  Log in
</button>
`;
